
There are no discarded input sections

Memory Configuration

Name             Origin             Length             Attributes
*default*        0x00000000         0xffffffff

Linker script and memory map

                0x00000000                        . = 0x0

.text           0x00000000      0x284
 *(vector_start)
 *(.text .rodata)
 .text          0x00000000       0xd4 build/Entry.os
                0x00000000                vector_start
                0x0000003c                vector_end
 .text          0x000000d4       0x6c build/Main.o
                0x000000d4                main
 .rodata        0x00000140        0xe build/Main.o
 .text          0x0000014e        0x0 build/Regs.o
 *fill*         0x0000014e        0x2 
 .text          0x00000150       0xd4 build/Uart.o
                0x00000150                Hal_uart_init
                0x000001c8                Hal_uart_put_char
 .text          0x00000224       0x60 build/stdio.o
                0x00000224                putstr

.glue_7         0x00000284        0x0
 .glue_7        0x00000284        0x0 linker stubs

.glue_7t        0x00000284        0x0
 .glue_7t       0x00000284        0x0 linker stubs

.vfp11_veneer   0x00000284        0x0
 .vfp11_veneer  0x00000284        0x0 linker stubs

.v4_bx          0x00000284        0x0
 .v4_bx         0x00000284        0x0 linker stubs

.iplt           0x00000284        0x0
 .iplt          0x00000284        0x0 build/Entry.os

.rel.dyn        0x00000284        0x0
 .rel.iplt      0x00000284        0x0 build/Entry.os

.data           0x00000284        0x4
 *(.data)
 .data          0x00000284        0x0 build/Entry.os
 .data          0x00000284        0x0 build/Main.o
 .data          0x00000284        0x4 build/Regs.o
                0x00000284                Uart
 .data          0x00000288        0x0 build/Uart.o
 .data          0x00000288        0x0 build/stdio.o

.igot.plt       0x00000288        0x0
 .igot.plt      0x00000288        0x0 build/Entry.os

.bss            0x00000288        0x0
 *(.bss)
 .bss           0x00000288        0x0 build/Entry.os
 .bss           0x00000288        0x0 build/Main.o
 .bss           0x00000288        0x0 build/Regs.o
 .bss           0x00000288        0x0 build/Uart.o
 .bss           0x00000288        0x0 build/stdio.o
LOAD build/Entry.os
LOAD build/Main.o
LOAD build/Regs.o
LOAD build/Uart.o
LOAD build/stdio.o
OUTPUT(build/navilos.axf elf32-littlearm)
LOAD linker stubs

.ARM.attributes
                0x00000000       0x2b
 .ARM.attributes
                0x00000000       0x1d build/Entry.os
 .ARM.attributes
                0x0000001d       0x2f build/Main.o
 .ARM.attributes
                0x0000004c       0x2f build/Regs.o
 .ARM.attributes
                0x0000007b       0x2f build/Uart.o
 .ARM.attributes
                0x000000aa       0x2f build/stdio.o

.comment        0x00000000       0x26
 .comment       0x00000000       0x26 build/Main.o
                                 0x27 (size before relaxing)
 .comment       0x00000026       0x27 build/Regs.o
 .comment       0x00000026       0x27 build/Uart.o
 .comment       0x00000026       0x27 build/stdio.o

.debug_line     0x00000000      0x26e
 .debug_line    0x00000000       0x7a build/Entry.os
 .debug_line    0x0000007a       0x8f build/Main.o
 .debug_line    0x00000109       0x4e build/Regs.o
 .debug_line    0x00000157       0x9f build/Uart.o
 .debug_line    0x000001f6       0x78 build/stdio.o

.debug_line_str
                0x00000000       0x33
 .debug_line_str
                0x00000000       0x33 build/Entry.os

.debug_info     0x00000000     0x13cf
 .debug_info    0x00000000       0x25 build/Entry.os
 .debug_info    0x00000025       0xe9 build/Main.o
 .debug_info    0x0000010e      0x8d7 build/Regs.o
 .debug_info    0x000009e5      0x91c build/Uart.o
 .debug_info    0x00001301       0xce build/stdio.o

.debug_abbrev   0x00000000      0x3d5
 .debug_abbrev  0x00000000       0x14 build/Entry.os
 .debug_abbrev  0x00000014       0xd1 build/Main.o
 .debug_abbrev  0x000000e5      0x101 build/Regs.o
 .debug_abbrev  0x000001e6      0x14a build/Uart.o
 .debug_abbrev  0x00000330       0xa5 build/stdio.o

.debug_aranges  0x00000000       0x98
 .debug_aranges
                0x00000000       0x20 build/Entry.os
 .debug_aranges
                0x00000020       0x20 build/Main.o
 .debug_aranges
                0x00000040       0x18 build/Regs.o
 .debug_aranges
                0x00000058       0x20 build/Uart.o
 .debug_aranges
                0x00000078       0x20 build/stdio.o

.debug_str      0x00000000      0x458
 .debug_str     0x00000000      0x458 build/Entry.os
                                 0x3f (size before relaxing)
 .debug_str     0x00000458      0x13f build/Main.o
 .debug_str     0x00000458      0x3f4 build/Regs.o
 .debug_str     0x00000458      0x41c build/Uart.o
 .debug_str     0x00000458      0x124 build/stdio.o

.debug_frame    0x00000000       0xcc
 .debug_frame   0x00000000       0x4c build/Main.o
 .debug_frame   0x0000004c       0x50 build/Uart.o
 .debug_frame   0x0000009c       0x30 build/stdio.o
