
There are no discarded input sections

Memory Configuration

Name             Origin             Length             Attributes
*default*        0x00000000         0xffffffff

Linker script and memory map

                0x00000000                        . = 0x0

.text           0x00000000      0x344
 *(vector_start)
 *(.text .rodata)
 .text          0x00000000       0xd4 build/Entry.os
                0x00000000                vector_start
                0x0000003c                vector_end
 .text          0x000000d4       0xa8 build/Main.o
                0x000000d4                main
 .rodata        0x0000017c        0xe build/Main.o
 .text          0x0000018a        0x0 build/Regs.o
 *fill*         0x0000018a        0x2 
 .text          0x0000018c      0x158 build/Uart.o
                0x0000018c                Hal_uart_init
                0x00000204                Hal_uart_put_char
                0x00000260                Hal_uart_get_char
 .text          0x000002e4       0x60 build/stdio.o
                0x000002e4                putstr

.glue_7         0x00000344        0x0
 .glue_7        0x00000344        0x0 linker stubs

.glue_7t        0x00000344        0x0
 .glue_7t       0x00000344        0x0 linker stubs

.vfp11_veneer   0x00000344        0x0
 .vfp11_veneer  0x00000344        0x0 linker stubs

.v4_bx          0x00000344        0x0
 .v4_bx         0x00000344        0x0 linker stubs

.iplt           0x00000344        0x0
 .iplt          0x00000344        0x0 build/Entry.os

.rel.dyn        0x00000344        0x0
 .rel.iplt      0x00000344        0x0 build/Entry.os

.data           0x00000344        0x4
 *(.data)
 .data          0x00000344        0x0 build/Entry.os
 .data          0x00000344        0x0 build/Main.o
 .data          0x00000344        0x4 build/Regs.o
                0x00000344                Uart
 .data          0x00000348        0x0 build/Uart.o
 .data          0x00000348        0x0 build/stdio.o

.igot.plt       0x00000348        0x0
 .igot.plt      0x00000348        0x0 build/Entry.os

.bss            0x00000348        0x0
 *(.bss)
 .bss           0x00000348        0x0 build/Entry.os
 .bss           0x00000348        0x0 build/Main.o
 .bss           0x00000348        0x0 build/Regs.o
 .bss           0x00000348        0x0 build/Uart.o
 .bss           0x00000348        0x0 build/stdio.o
LOAD build/Entry.os
LOAD build/Main.o
LOAD build/Regs.o
LOAD build/Uart.o
LOAD build/stdio.o
OUTPUT(build/navilos.axf elf32-littlearm)
LOAD linker stubs

.ARM.attributes
                0x00000000       0x2b
 .ARM.attributes
                0x00000000       0x1d build/Entry.os
 .ARM.attributes
                0x0000001d       0x2f build/Main.o
 .ARM.attributes
                0x0000004c       0x2f build/Regs.o
 .ARM.attributes
                0x0000007b       0x2f build/Uart.o
 .ARM.attributes
                0x000000aa       0x2f build/stdio.o

.comment        0x00000000       0x26
 .comment       0x00000000       0x26 build/Main.o
                                 0x27 (size before relaxing)
 .comment       0x00000026       0x27 build/Regs.o
 .comment       0x00000026       0x27 build/Uart.o
 .comment       0x00000026       0x27 build/stdio.o

.debug_line     0x00000000      0x2b3
 .debug_line    0x00000000       0x7a build/Entry.os
 .debug_line    0x0000007a       0xa1 build/Main.o
 .debug_line    0x0000011b       0x4e build/Regs.o
 .debug_line    0x00000169       0xd2 build/Uart.o
 .debug_line    0x0000023b       0x78 build/stdio.o

.debug_line_str
                0x00000000       0x33
 .debug_line_str
                0x00000000       0x33 build/Entry.os

.debug_info     0x00000000     0x141d
 .debug_info    0x00000000       0x25 build/Entry.os
 .debug_info    0x00000025      0x10d build/Main.o
 .debug_info    0x00000132      0x8d7 build/Regs.o
 .debug_info    0x00000a09      0x946 build/Uart.o
 .debug_info    0x0000134f       0xce build/stdio.o

.debug_abbrev   0x00000000      0x425
 .debug_abbrev  0x00000000       0x14 build/Entry.os
 .debug_abbrev  0x00000014       0xf3 build/Main.o
 .debug_abbrev  0x00000107      0x101 build/Regs.o
 .debug_abbrev  0x00000208      0x178 build/Uart.o
 .debug_abbrev  0x00000380       0xa5 build/stdio.o

.debug_aranges  0x00000000       0x98
 .debug_aranges
                0x00000000       0x20 build/Entry.os
 .debug_aranges
                0x00000020       0x20 build/Main.o
 .debug_aranges
                0x00000040       0x18 build/Regs.o
 .debug_aranges
                0x00000058       0x20 build/Uart.o
 .debug_aranges
                0x00000078       0x20 build/stdio.o

.debug_str      0x00000000      0x46f
 .debug_str     0x00000000      0x46f build/Entry.os
                                 0x3f (size before relaxing)
 .debug_str     0x0000046f      0x151 build/Main.o
 .debug_str     0x0000046f      0x3f4 build/Regs.o
 .debug_str     0x0000046f      0x433 build/Uart.o
 .debug_str     0x0000046f      0x124 build/stdio.o

.debug_frame    0x00000000       0xec
 .debug_frame   0x00000000       0x4c build/Main.o
 .debug_frame   0x0000004c       0x70 build/Uart.o
 .debug_frame   0x000000bc       0x30 build/stdio.o
